08:26:47.835 [main] DEBUG org.apache.poi.openxml4j.opc.PackageRelationshipCollection - Parsing relationship: /xl/worksheets/_rels/sheet1.xml.rels
08:26:47.885 [main] DEBUG org.apache.poi.openxml4j.opc.PackageRelationshipCollection - Parsing relationship: /_rels/.rels
08:26:48.013 [main] DEBUG org.apache.poi.openxml4j.opc.PackageRelationshipCollection - Parsing relationship: /xl/_rels/workbook.xml.rels
08:26:48.019 [main] DEBUG org.apache.poi.openxml4j.opc.PackageRelationshipCollection - Parsing relationship: /xl/worksheets/_rels/sheet1.xml.rels
08:26:48.033 [main] DEBUG org.apache.poi.openxml4j.opc.PackageRelationshipCollection - Parsing relationship: /_rels/.rels
08:26:48.288 [main] DEBUG org.apache.poi.openxml4j.opc.PackageRelationshipCollection - Parsing relationship: /xl/_rels/workbook.xml.rels
08:26:48.307 [main] DEBUG org.apache.poi.openxml4j.opc.PackageRelationshipCollection - Parsing relationship: /xl/worksheets/_rels/sheet1.xml.rels
08:26:48.329 [main] DEBUG org.apache.poi.openxml4j.opc.PackageRelationshipCollection - Parsing relationship: /_rels/.rels
08:26:48.534 [main] DEBUG org.apache.poi.openxml4j.opc.PackageRelationshipCollection - Parsing relationship: /xl/_rels/workbook.xml.rels
08:26:48.534 [main] DEBUG org.apache.poi.openxml4j.opc.PackageRelationshipCollection - Parsing relationship: /xl/worksheets/_rels/sheet1.xml.rels
08:26:48.542 [main] DEBUG org.apache.poi.openxml4j.opc.PackageRelationshipCollection - Parsing relationship: /_rels/.rels
08:26:48.708 [main] DEBUG org.apache.poi.openxml4j.opc.PackageRelationshipCollection - Parsing relationship: /xl/_rels/workbook.xml.rels
08:26:48.717 [main] DEBUG org.apache.poi.openxml4j.opc.PackageRelationshipCollection - Parsing relationship: /xl/worksheets/_rels/sheet1.xml.rels
08:26:48.717 [main] DEBUG org.apache.poi.openxml4j.opc.PackageRelationshipCollection - Parsing relationship: /_rels/.rels
08:26:48.816 [main] DEBUG org.apache.poi.openxml4j.opc.PackageRelationshipCollection - Parsing relationship: /xl/_rels/workbook.xml.rels
08:26:48.824 [main] DEBUG org.apache.poi.openxml4j.opc.PackageRelationshipCollection - Parsing relationship: /xl/worksheets/_rels/sheet1.xml.rels
08:26:48.824 [main] DEBUG org.apache.poi.openxml4j.opc.PackageRelationshipCollection - Parsing relationship: /_rels/.rels
08:26:48.973 [main] DEBUG org.apache.poi.openxml4j.opc.PackageRelationshipCollection - Parsing relationship: /xl/_rels/workbook.xml.rels
08:26:48.979 [main] DEBUG org.apache.poi.openxml4j.opc.PackageRelationshipCollection - Parsing relationship: /xl/worksheets/_rels/sheet1.xml.rels
08:26:48.979 [main] DEBUG org.apache.poi.openxml4j.opc.PackageRelationshipCollection - Parsing relationship: /_rels/.rels
08:26:49.080 [main] DEBUG org.apache.poi.openxml4j.opc.PackageRelationshipCollection - Parsing relationship: /xl/_rels/workbook.xml.rels
08:26:49.086 [main] DEBUG org.apache.poi.openxml4j.opc.PackageRelationshipCollection - Parsing relationship: /xl/worksheets/_rels/sheet1.xml.rels
08:26:49.094 [main] DEBUG org.apache.poi.openxml4j.opc.PackageRelationshipCollection - Parsing relationship: /_rels/.rels
08:26:49.185 [main] DEBUG org.apache.poi.openxml4j.opc.PackageRelationshipCollection - Parsing relationship: /xl/_rels/workbook.xml.rels
08:26:49.194 [main] DEBUG org.apache.poi.openxml4j.opc.PackageRelationshipCollection - Parsing relationship: /xl/worksheets/_rels/sheet1.xml.rels
08:26:49.202 [main] DEBUG org.apache.poi.openxml4j.opc.PackageRelationshipCollection - Parsing relationship: /_rels/.rels
08:26:49.329 [main] DEBUG org.apache.poi.openxml4j.opc.PackageRelationshipCollection - Parsing relationship: /xl/_rels/workbook.xml.rels
08:26:49.334 [main] DEBUG org.apache.poi.openxml4j.opc.PackageRelationshipCollection - Parsing relationship: /xl/worksheets/_rels/sheet1.xml.rels
08:26:49.334 [main] DEBUG org.apache.poi.openxml4j.opc.PackageRelationshipCollection - Parsing relationship: /_rels/.rels
08:26:49.508 [main] DEBUG org.apache.poi.openxml4j.opc.PackageRelationshipCollection - Parsing relationship: /xl/_rels/workbook.xml.rels
08:26:49.516 [main] DEBUG org.apache.poi.openxml4j.opc.PackageRelationshipCollection - Parsing relationship: /xl/worksheets/_rels/sheet1.xml.rels
08:26:49.516 [main] DEBUG org.apache.poi.openxml4j.opc.PackageRelationshipCollection - Parsing relationship: /_rels/.rels
08:26:49.615 [main] DEBUG org.apache.poi.openxml4j.opc.PackageRelationshipCollection - Parsing relationship: /xl/_rels/workbook.xml.rels
08:26:49.623 [main] DEBUG org.apache.poi.openxml4j.opc.PackageRelationshipCollection - Parsing relationship: /xl/worksheets/_rels/sheet1.xml.rels
08:26:49.628 [main] DEBUG org.apache.poi.openxml4j.opc.PackageRelationshipCollection - Parsing relationship: /_rels/.rels
08:26:49.732 [main] DEBUG org.apache.poi.openxml4j.opc.PackageRelationshipCollection - Parsing relationship: /xl/_rels/workbook.xml.rels
08:26:49.732 [main] DEBUG org.apache.poi.openxml4j.opc.PackageRelationshipCollection - Parsing relationship: /xl/worksheets/_rels/sheet1.xml.rels
08:26:49.740 [main] DEBUG org.apache.poi.openxml4j.opc.PackageRelationshipCollection - Parsing relationship: /_rels/.rels
08:26:49.831 [main] DEBUG org.apache.poi.openxml4j.opc.PackageRelationshipCollection - Parsing relationship: /xl/_rels/workbook.xml.rels
08:26:49.831 [main] DEBUG org.apache.poi.openxml4j.opc.PackageRelationshipCollection - Parsing relationship: /xl/worksheets/_rels/sheet1.xml.rels
08:26:49.840 [main] DEBUG org.apache.poi.openxml4j.opc.PackageRelationshipCollection - Parsing relationship: /_rels/.rels
08:26:49.930 [main] DEBUG org.apache.poi.openxml4j.opc.PackageRelationshipCollection - Parsing relationship: /xl/_rels/workbook.xml.rels
08:26:49.938 [main] DEBUG org.apache.poi.openxml4j.opc.PackageRelationshipCollection - Parsing relationship: /xl/worksheets/_rels/sheet1.xml.rels
08:26:49.938 [main] DEBUG org.apache.poi.openxml4j.opc.PackageRelationshipCollection - Parsing relationship: /_rels/.rels
08:26:50.013 [main] DEBUG org.apache.poi.openxml4j.opc.PackageRelationshipCollection - Parsing relationship: /xl/_rels/workbook.xml.rels
08:26:50.022 [main] DEBUG org.apache.poi.openxml4j.opc.PackageRelationshipCollection - Parsing relationship: /xl/worksheets/_rels/sheet1.xml.rels
08:26:50.022 [main] DEBUG org.apache.poi.openxml4j.opc.PackageRelationshipCollection - Parsing relationship: /_rels/.rels
08:26:50.081 [main] DEBUG org.apache.poi.openxml4j.opc.PackageRelationshipCollection - Parsing relationship: /xl/_rels/workbook.xml.rels
08:26:50.081 [main] DEBUG org.apache.poi.openxml4j.opc.PackageRelationshipCollection - Parsing relationship: /xl/worksheets/_rels/sheet1.xml.rels
08:26:50.087 [main] DEBUG org.apache.poi.openxml4j.opc.PackageRelationshipCollection - Parsing relationship: /_rels/.rels
08:26:50.153 [main] DEBUG org.apache.poi.openxml4j.opc.PackageRelationshipCollection - Parsing relationship: /xl/_rels/workbook.xml.rels
08:26:50.161 [main] DEBUG org.apache.poi.openxml4j.opc.PackageRelationshipCollection - Parsing relationship: /xl/worksheets/_rels/sheet1.xml.rels
08:26:50.161 [main] DEBUG org.apache.poi.openxml4j.opc.PackageRelationshipCollection - Parsing relationship: /_rels/.rels
08:26:50.225 [main] DEBUG org.apache.poi.openxml4j.opc.PackageRelationshipCollection - Parsing relationship: /xl/_rels/workbook.xml.rels
08:26:50.225 [main] DEBUG org.apache.poi.openxml4j.opc.PackageRelationshipCollection - Parsing relationship: /xl/worksheets/_rels/sheet1.xml.rels
08:26:50.225 [main] DEBUG org.apache.poi.openxml4j.opc.PackageRelationshipCollection - Parsing relationship: /_rels/.rels
08:26:50.282 [main] DEBUG org.apache.poi.openxml4j.opc.PackageRelationshipCollection - Parsing relationship: /xl/_rels/workbook.xml.rels
08:26:50.288 [main] DEBUG org.apache.poi.openxml4j.opc.PackageRelationshipCollection - Parsing relationship: /xl/worksheets/_rels/sheet1.xml.rels
08:26:50.288 [main] DEBUG org.apache.poi.openxml4j.opc.PackageRelationshipCollection - Parsing relationship: /_rels/.rels
08:26:50.428 [main] INFO  testCases.TC003_LoginDDT - ******************Starting TC003_LoginDDT************************************
08:26:57.105 [main] INFO  testCases.TC003_LoginDDT - **********************Finished TC003_LoginDDT***********************
08:26:57.301 [main] INFO  testCases.TC003_LoginDDT - ******************Starting TC003_LoginDDT************************************
08:27:10.210 [main] INFO  testCases.TC003_LoginDDT - **********************Finished TC003_LoginDDT***********************
08:27:10.226 [main] INFO  testCases.TC003_LoginDDT - ******************Starting TC003_LoginDDT************************************
08:27:13.498 [main] INFO  testCases.TC003_LoginDDT - **********************Finished TC003_LoginDDT***********************
08:27:13.506 [main] INFO  testCases.TC003_LoginDDT - ******************Starting TC003_LoginDDT************************************
08:27:24.096 [main] INFO  testCases.TC003_LoginDDT - ******************Starting TC003_LoginDDT************************************
08:27:34.786 [main] INFO  testCases.TC003_LoginDDT - ******************Starting TC003_LoginDDT************************************
08:27:45.353 [main] INFO  testCases.TC003_LoginDDT - ******************Starting TC003_LoginDDT************************************
08:27:55.921 [main] INFO  testCases.TC003_LoginDDT - ******************Starting TC003_LoginDDT************************************
08:28:06.463 [main] INFO  testCases.TC003_LoginDDT - ******************Starting TC003_LoginDDT************************************
08:30:08.586 [main] DEBUG org.testng.TestNG - suiteXmlPath: "C:\IT softwares\ECLIPSE\eclipse-jee-2024-12-R-win32-x86_64\eclipse\eclipse workspace stored here\hybrid_automation\master.xml"
08:30:09.054 [main] INFO  org.testng.internal.Utils - [TestNG] Running:
  C:\IT softwares\ECLIPSE\eclipse-jee-2024-12-R-win32-x86_64\eclipse\eclipse workspace stored here\hybrid_automation\master.xml

08:30:13.950 [main] INFO  testCases.TC001_AccountRegistrationTest - **********Starting TC001_AccountRegistrationTest**********
08:30:14.590 [main] INFO  testCases.TC001_AccountRegistrationTest - .......Clicked myAccount.....
08:30:16.094 [main] INFO  testCases.TC001_AccountRegistrationTest - .......Clicked Registration......
08:30:16.122 [main] INFO  testCases.TC001_AccountRegistrationTest - ......Providing Regestration Detail........
08:30:21.249 [main] INFO  testCases.TC001_AccountRegistrationTest - Validating expected msg....
08:30:21.332 [main] INFO  testCases.TC001_AccountRegistrationTest - .....Finished TC001_AccountRegistrationTest.......
08:30:24.346 [main] INFO  testCases.TC002_LoginTest -  *********** Stating TC002_LoginTest ************ 
08:30:28.813 [main] INFO  testCases.TC002_LoginTest - ************ Finished TC002_LoginTest ************** 
08:31:04.320 [main] DEBUG org.testng.TestNG - suiteXmlPath: "C:\IT softwares\ECLIPSE\eclipse-jee-2024-12-R-win32-x86_64\eclipse\eclipse workspace stored here\hybrid_automation\master.xml"
08:31:04.891 [main] INFO  org.testng.internal.Utils - [TestNG] Running:
  C:\IT softwares\ECLIPSE\eclipse-jee-2024-12-R-win32-x86_64\eclipse\eclipse workspace stored here\hybrid_automation\master.xml

08:31:12.450 [main] INFO  testCases.TC001_AccountRegistrationTest - **********Starting TC001_AccountRegistrationTest**********
08:31:12.856 [main] INFO  testCases.TC001_AccountRegistrationTest - .......Clicked myAccount.....
08:31:13.566 [main] INFO  testCases.TC001_AccountRegistrationTest - .......Clicked Registration......
08:31:13.595 [main] INFO  testCases.TC001_AccountRegistrationTest - ......Providing Regestration Detail........
08:31:18.487 [main] INFO  testCases.TC001_AccountRegistrationTest - Validating expected msg....
08:31:18.640 [main] INFO  testCases.TC001_AccountRegistrationTest - .....Finished TC001_AccountRegistrationTest.......
08:31:22.606 [main] INFO  testCases.TC002_LoginTest -  *********** Stating TC002_LoginTest ************ 
08:31:25.853 [main] INFO  testCases.TC002_LoginTest - ************ Finished TC002_LoginTest ************** 
08:32:10.544 [main] DEBUG org.testng.TestNG - suiteXmlPath: "C:\IT softwares\ECLIPSE\eclipse-jee-2024-12-R-win32-x86_64\eclipse\eclipse workspace stored here\hybrid_automation\grouping.xml"
08:32:11.016 [main] INFO  org.testng.internal.Utils - [TestNG] Running:
  C:\IT softwares\ECLIPSE\eclipse-jee-2024-12-R-win32-x86_64\eclipse\eclipse workspace stored here\hybrid_automation\grouping.xml

08:32:16.532 [main] INFO  testCases.TC001_AccountRegistrationTest - **********Starting TC001_AccountRegistrationTest**********
08:32:16.853 [main] INFO  testCases.TC001_AccountRegistrationTest - .......Clicked myAccount.....
08:32:17.461 [main] INFO  testCases.TC001_AccountRegistrationTest - .......Clicked Registration......
08:32:17.477 [main] INFO  testCases.TC001_AccountRegistrationTest - ......Providing Regestration Detail........
08:32:22.212 [main] INFO  testCases.TC001_AccountRegistrationTest - Validating expected msg....
08:32:22.395 [main] INFO  testCases.TC001_AccountRegistrationTest - .....Finished TC001_AccountRegistrationTest.......
08:32:25.749 [main] INFO  testCases.TC002_LoginTest -  *********** Stating TC002_LoginTest ************ 
08:32:28.748 [main] INFO  testCases.TC002_LoginTest - ************ Finished TC002_LoginTest ************** 
08:33:15.942 [main] DEBUG org.testng.TestNG - suiteXmlPath: "C:\IT softwares\ECLIPSE\eclipse-jee-2024-12-R-win32-x86_64\eclipse\eclipse workspace stored here\hybrid_automation\paralleltesting.xml"
08:33:16.348 [main] INFO  org.testng.internal.Utils - [TestNG] Running:
  C:\IT softwares\ECLIPSE\eclipse-jee-2024-12-R-win32-x86_64\eclipse\eclipse workspace stored here\hybrid_automation\paralleltesting.xml

08:33:22.325 [TestNG-tests-1] INFO  testCases.TC001_AccountRegistrationTest - **********Starting TC001_AccountRegistrationTest**********
08:33:22.730 [TestNG-tests-2] INFO  testCases.TC001_AccountRegistrationTest - **********Starting TC001_AccountRegistrationTest**********
08:33:23.061 [TestNG-tests-1] INFO  testCases.TC001_AccountRegistrationTest - .......Clicked myAccount.....
08:33:23.372 [TestNG-tests-2] INFO  testCases.TC001_AccountRegistrationTest - .......Clicked myAccount.....
08:37:44.714 [main] DEBUG org.testng.TestNG - suiteXmlPath: "C:\IT softwares\ECLIPSE\eclipse-jee-2024-12-R-win32-x86_64\eclipse\eclipse workspace stored here\hybrid_automation\paralleltesting.xml"
08:37:45.158 [main] INFO  org.testng.internal.Utils - [TestNG] Running:
  C:\IT softwares\ECLIPSE\eclipse-jee-2024-12-R-win32-x86_64\eclipse\eclipse workspace stored here\hybrid_automation\paralleltesting.xml

08:37:49.318 [TestNG-tests-1] INFO  testCases.TC001_AccountRegistrationTest - **********Starting TC001_AccountRegistrationTest**********
08:37:50.367 [TestNG-tests-2] INFO  testCases.TC001_AccountRegistrationTest - **********Starting TC001_AccountRegistrationTest**********
08:37:50.606 [TestNG-tests-1] INFO  testCases.TC001_AccountRegistrationTest - .......Clicked myAccount.....
08:37:50.824 [TestNG-tests-2] INFO  testCases.TC001_AccountRegistrationTest - .......Clicked myAccount.....
08:42:24.298 [main] DEBUG org.testng.TestNG - suiteXmlPath: "C:\IT softwares\ECLIPSE\eclipse-jee-2024-12-R-win32-x86_64\eclipse\eclipse workspace stored here\hybrid_automation\paralleltesting.xml"
08:42:24.550 [main] INFO  org.testng.internal.Utils - [TestNG] Running:
  C:\IT softwares\ECLIPSE\eclipse-jee-2024-12-R-win32-x86_64\eclipse\eclipse workspace stored here\hybrid_automation\paralleltesting.xml

08:42:27.677 [TestNG-tests-2] INFO  testCases.TC001_AccountRegistrationTest - **********Starting TC001_AccountRegistrationTest**********
08:42:27.862 [TestNG-tests-1] INFO  testCases.TC001_AccountRegistrationTest - **********Starting TC001_AccountRegistrationTest**********
08:42:28.001 [TestNG-tests-2] INFO  testCases.TC001_AccountRegistrationTest - .......Clicked myAccount.....
08:42:28.093 [TestNG-tests-1] INFO  testCases.TC001_AccountRegistrationTest - .......Clicked myAccount.....
08:52:19.124 [main] DEBUG org.testng.TestNG - suiteXmlPath: "C:\IT softwares\ECLIPSE\eclipse-jee-2024-12-R-win32-x86_64\eclipse\eclipse workspace stored here\hybrid_automation\paralleltesting.xml"
08:52:19.458 [main] INFO  org.testng.internal.Utils - [TestNG] Running:
  C:\IT softwares\ECLIPSE\eclipse-jee-2024-12-R-win32-x86_64\eclipse\eclipse workspace stored here\hybrid_automation\paralleltesting.xml

08:52:23.006 [TestNG-tests-1] INFO  testCases.TC001_AccountRegistrationTest - **********Starting TC001_AccountRegistrationTest**********
08:52:23.006 [TestNG-tests-2] INFO  testCases.TC001_AccountRegistrationTest - **********Starting TC001_AccountRegistrationTest**********
08:52:23.164 [TestNG-tests-1] INFO  testCases.TC001_AccountRegistrationTest - .......Clicked myAccount.....
08:52:23.205 [TestNG-tests-2] INFO  testCases.TC001_AccountRegistrationTest - .......Clicked myAccount.....
08:52:23.578 [TestNG-tests-1] INFO  testCases.TC001_AccountRegistrationTest - .......Clicked Registration......
08:52:23.586 [TestNG-tests-1] INFO  testCases.TC001_AccountRegistrationTest - ......Providing Regestration Detail........
08:52:23.675 [TestNG-tests-2] INFO  testCases.TC001_AccountRegistrationTest - .......Clicked Registration......
08:52:23.678 [TestNG-tests-2] INFO  testCases.TC001_AccountRegistrationTest - ......Providing Regestration Detail........
08:52:27.046 [TestNG-tests-1] INFO  testCases.TC001_AccountRegistrationTest - Validating expected msg....
08:52:27.093 [TestNG-tests-2] INFO  testCases.TC001_AccountRegistrationTest - Validating expected msg....
08:52:27.132 [TestNG-tests-1] INFO  testCases.TC001_AccountRegistrationTest - .....Finished TC001_AccountRegistrationTest.......
08:52:27.205 [TestNG-tests-2] INFO  testCases.TC001_AccountRegistrationTest - .....Finished TC001_AccountRegistrationTest.......
08:53:04.847 [main] DEBUG org.testng.TestNG - suiteXmlPath: "C:\IT softwares\ECLIPSE\eclipse-jee-2024-12-R-win32-x86_64\eclipse\eclipse workspace stored here\hybrid_automation\paralleltesting.xml"
08:53:05.072 [main] INFO  org.testng.internal.Utils - [TestNG] Running:
  C:\IT softwares\ECLIPSE\eclipse-jee-2024-12-R-win32-x86_64\eclipse\eclipse workspace stored here\hybrid_automation\paralleltesting.xml

08:53:08.312 [TestNG-tests-1] INFO  testCases.TC001_AccountRegistrationTest - **********Starting TC001_AccountRegistrationTest**********
08:53:08.466 [TestNG-tests-1] INFO  testCases.TC001_AccountRegistrationTest - .......Clicked myAccount.....
08:53:08.941 [TestNG-tests-1] INFO  testCases.TC001_AccountRegistrationTest - .......Clicked Registration......
08:53:08.950 [TestNG-tests-1] INFO  testCases.TC001_AccountRegistrationTest - ......Providing Regestration Detail........
08:53:11.359 [TestNG-tests-2] INFO  testCases.TC001_AccountRegistrationTest - **********Starting TC001_AccountRegistrationTest**********
08:53:11.687 [TestNG-tests-2] INFO  testCases.TC001_AccountRegistrationTest - .......Clicked myAccount.....
08:53:12.013 [TestNG-tests-1] INFO  testCases.TC001_AccountRegistrationTest - Validating expected msg....
08:53:12.101 [TestNG-tests-1] INFO  testCases.TC001_AccountRegistrationTest - .....Finished TC001_AccountRegistrationTest.......
08:53:12.538 [TestNG-tests-2] INFO  testCases.TC001_AccountRegistrationTest - .......Clicked Registration......
08:53:12.543 [TestNG-tests-2] INFO  testCases.TC001_AccountRegistrationTest - ......Providing Regestration Detail........
08:53:14.948 [TestNG-tests-2] INFO  testCases.TC001_AccountRegistrationTest - Validating expected msg....
08:53:24.969 [TestNG-tests-2] ERROR testCases.TC001_AccountRegistrationTest - ....Test failed....
08:53:24.969 [TestNG-tests-2] DEBUG testCases.TC001_AccountRegistrationTest - ...Debug logs....
08:53:41.298 [main] DEBUG org.testng.TestNG - suiteXmlPath: "C:\IT softwares\ECLIPSE\eclipse-jee-2024-12-R-win32-x86_64\eclipse\eclipse workspace stored here\hybrid_automation\paralleltesting.xml"
08:53:41.521 [main] INFO  org.testng.internal.Utils - [TestNG] Running:
  C:\IT softwares\ECLIPSE\eclipse-jee-2024-12-R-win32-x86_64\eclipse\eclipse workspace stored here\hybrid_automation\paralleltesting.xml

08:53:44.611 [TestNG-tests-1] INFO  testCases.TC001_AccountRegistrationTest - **********Starting TC001_AccountRegistrationTest**********
08:53:44.817 [TestNG-tests-1] INFO  testCases.TC001_AccountRegistrationTest - .......Clicked myAccount.....
08:53:44.875 [TestNG-tests-2] INFO  testCases.TC001_AccountRegistrationTest - **********Starting TC001_AccountRegistrationTest**********
08:53:45.078 [TestNG-tests-2] INFO  testCases.TC001_AccountRegistrationTest - .......Clicked myAccount.....
08:53:45.318 [TestNG-tests-1] INFO  testCases.TC001_AccountRegistrationTest - .......Clicked Registration......
08:53:45.325 [TestNG-tests-1] INFO  testCases.TC001_AccountRegistrationTest - ......Providing Regestration Detail........
08:53:45.615 [TestNG-tests-2] INFO  testCases.TC001_AccountRegistrationTest - .......Clicked Registration......
08:53:45.615 [TestNG-tests-2] INFO  testCases.TC001_AccountRegistrationTest - ......Providing Regestration Detail........
08:53:48.584 [TestNG-tests-1] INFO  testCases.TC001_AccountRegistrationTest - Validating expected msg....
08:53:48.652 [TestNG-tests-1] INFO  testCases.TC001_AccountRegistrationTest - .....Finished TC001_AccountRegistrationTest.......
08:53:48.762 [TestNG-tests-2] INFO  testCases.TC001_AccountRegistrationTest - Validating expected msg....
08:53:48.837 [TestNG-tests-2] INFO  testCases.TC001_AccountRegistrationTest - .....Finished TC001_AccountRegistrationTest.......
08:56:16.378 [main] DEBUG org.testng.TestNG - suiteXmlPath: "C:\IT softwares\ECLIPSE\eclipse-jee-2024-12-R-win32-x86_64\eclipse\eclipse workspace stored here\hybrid_automation\paralleltesting.xml"
08:56:16.615 [main] INFO  org.testng.internal.Utils - [TestNG] Running:
  C:\IT softwares\ECLIPSE\eclipse-jee-2024-12-R-win32-x86_64\eclipse\eclipse workspace stored here\hybrid_automation\paralleltesting.xml

08:56:19.948 [TestNG-tests-1] INFO  testCases.TC001_AccountRegistrationTest - **********Starting TC001_AccountRegistrationTest**********
08:56:19.971 [TestNG-tests-2] INFO  testCases.TC001_AccountRegistrationTest - **********Starting TC001_AccountRegistrationTest**********
08:56:20.123 [TestNG-tests-2] INFO  testCases.TC001_AccountRegistrationTest - .......Clicked myAccount.....
08:56:20.152 [TestNG-tests-1] INFO  testCases.TC001_AccountRegistrationTest - .......Clicked myAccount.....
08:56:20.748 [TestNG-tests-1] INFO  testCases.TC001_AccountRegistrationTest - .......Clicked Registration......
08:56:20.772 [TestNG-tests-1] INFO  testCases.TC001_AccountRegistrationTest - ......Providing Regestration Detail........
08:56:20.798 [TestNG-tests-2] INFO  testCases.TC001_AccountRegistrationTest - .......Clicked Registration......
08:56:20.801 [TestNG-tests-2] INFO  testCases.TC001_AccountRegistrationTest - ......Providing Regestration Detail........
08:56:24.685 [TestNG-tests-1] INFO  testCases.TC001_AccountRegistrationTest - Validating expected msg....
08:56:24.787 [TestNG-tests-1] INFO  testCases.TC001_AccountRegistrationTest - .....Finished TC001_AccountRegistrationTest.......
08:56:24.847 [TestNG-tests-2] INFO  testCases.TC001_AccountRegistrationTest - Validating expected msg....
08:56:25.045 [TestNG-tests-2] INFO  testCases.TC001_AccountRegistrationTest - .....Finished TC001_AccountRegistrationTest.......
18:44:17.766 [main] DEBUG org.testng.TestNG - suiteXmlPath: "C:\IT softwares\ECLIPSE\eclipse-jee-2024-12-R-win32-x86_64\eclipse\eclipse workspace stored here\hybrid_automation\grid-docker.xml"
18:46:23.951 [main] DEBUG org.testng.TestNG - suiteXmlPath: "C:\IT softwares\ECLIPSE\eclipse-jee-2024-12-R-win32-x86_64\eclipse\eclipse workspace stored here\hybrid_automation\grid-docker.xml"
18:46:24.296 [main] INFO  org.testng.internal.Utils - [TestNG] Running:
  C:\IT softwares\ECLIPSE\eclipse-jee-2024-12-R-win32-x86_64\eclipse\eclipse workspace stored here\hybrid_automation\grid-docker.xml

18:46:35.721 [main] INFO  testCases.TC001_AccountRegistrationTest - **********Starting TC001_AccountRegistrationTest**********
18:46:35.974 [main] INFO  testCases.TC001_AccountRegistrationTest - .......Clicked myAccount.....
18:46:36.443 [main] INFO  testCases.TC001_AccountRegistrationTest - .......Clicked Registration......
18:46:36.450 [main] INFO  testCases.TC001_AccountRegistrationTest - ......Providing Regestration Detail........
18:46:39.933 [main] INFO  testCases.TC001_AccountRegistrationTest - Validating expected msg....
18:46:40.016 [main] INFO  testCases.TC001_AccountRegistrationTest - .....Finished TC001_AccountRegistrationTest.......
18:46:42.774 [main] INFO  testCases.TC002_LoginTest -  *********** Stating TC002_LoginTest ************ 
18:46:45.004 [main] INFO  testCases.TC002_LoginTest - ************ Finished TC002_LoginTest ************** 
18:47:54.721 [main] DEBUG org.testng.TestNG - suiteXmlPath: "C:\IT softwares\ECLIPSE\eclipse-jee-2024-12-R-win32-x86_64\eclipse\eclipse workspace stored here\hybrid_automation\grid-docker.xml"
18:47:55.015 [main] INFO  org.testng.internal.Utils - [TestNG] Running:
  C:\IT softwares\ECLIPSE\eclipse-jee-2024-12-R-win32-x86_64\eclipse\eclipse workspace stored here\hybrid_automation\grid-docker.xml

18:48:00.216 [main] INFO  testCases.TC001_AccountRegistrationTest - **********Starting TC001_AccountRegistrationTest**********
18:48:00.539 [main] INFO  testCases.TC001_AccountRegistrationTest - .......Clicked myAccount.....
18:48:01.168 [main] INFO  testCases.TC001_AccountRegistrationTest - .......Clicked Registration......
18:48:01.173 [main] INFO  testCases.TC001_AccountRegistrationTest - ......Providing Regestration Detail........
18:48:04.543 [main] INFO  testCases.TC001_AccountRegistrationTest - Validating expected msg....
18:48:04.594 [main] INFO  testCases.TC001_AccountRegistrationTest - .....Finished TC001_AccountRegistrationTest.......
18:48:07.551 [main] INFO  testCases.TC002_LoginTest -  *********** Stating TC002_LoginTest ************ 
18:48:09.869 [main] INFO  testCases.TC002_LoginTest - ************ Finished TC002_LoginTest ************** 
18:49:52.898 [main] DEBUG org.testng.TestNG - suiteXmlPath: "C:\IT softwares\ECLIPSE\eclipse-jee-2024-12-R-win32-x86_64\eclipse\eclipse workspace stored here\hybrid_automation\grid-docker.xml"
18:49:53.228 [main] INFO  org.testng.internal.Utils - [TestNG] Running:
  C:\IT softwares\ECLIPSE\eclipse-jee-2024-12-R-win32-x86_64\eclipse\eclipse workspace stored here\hybrid_automation\grid-docker.xml

18:49:53.556 [main] INFO  testCases.TC001_AccountRegistrationTest - **********Starting TC001_AccountRegistrationTest**********
18:50:55.906 [main] DEBUG org.testng.TestNG - suiteXmlPath: "C:\IT softwares\ECLIPSE\eclipse-jee-2024-12-R-win32-x86_64\eclipse\eclipse workspace stored here\hybrid_automation\grid-docker.xml"
18:50:56.184 [main] INFO  org.testng.internal.Utils - [TestNG] Running:
  C:\IT softwares\ECLIPSE\eclipse-jee-2024-12-R-win32-x86_64\eclipse\eclipse workspace stored here\hybrid_automation\grid-docker.xml

18:50:56.389 [main] INFO  testCases.TC001_AccountRegistrationTest - **********Starting TC001_AccountRegistrationTest**********
18:52:33.319 [main] DEBUG org.testng.TestNG - suiteXmlPath: "C:\IT softwares\ECLIPSE\eclipse-jee-2024-12-R-win32-x86_64\eclipse\eclipse workspace stored here\hybrid_automation\grid-docker.xml"
18:52:33.558 [main] INFO  org.testng.internal.Utils - [TestNG] Running:
  C:\IT softwares\ECLIPSE\eclipse-jee-2024-12-R-win32-x86_64\eclipse\eclipse workspace stored here\hybrid_automation\grid-docker.xml

18:52:37.072 [main] INFO  testCases.TC001_AccountRegistrationTest - **********Starting TC001_AccountRegistrationTest**********
18:52:37.218 [main] INFO  testCases.TC001_AccountRegistrationTest - .......Clicked myAccount.....
18:52:37.724 [main] INFO  testCases.TC001_AccountRegistrationTest - .......Clicked Registration......
18:52:37.725 [main] INFO  testCases.TC001_AccountRegistrationTest - ......Providing Regestration Detail........
18:52:39.426 [main] INFO  testCases.TC001_AccountRegistrationTest - Validating expected msg....
18:52:39.476 [main] INFO  testCases.TC001_AccountRegistrationTest - .....Finished TC001_AccountRegistrationTest.......
18:52:40.756 [main] INFO  testCases.TC002_LoginTest -  *********** Stating TC002_LoginTest ************ 
18:53:45.395 [main] DEBUG org.testng.TestNG - suiteXmlPath: "C:\IT softwares\ECLIPSE\eclipse-jee-2024-12-R-win32-x86_64\eclipse\eclipse workspace stored here\hybrid_automation\grid-docker.xml"
18:53:45.654 [main] INFO  org.testng.internal.Utils - [TestNG] Running:
  C:\IT softwares\ECLIPSE\eclipse-jee-2024-12-R-win32-x86_64\eclipse\eclipse workspace stored here\hybrid_automation\grid-docker.xml

18:53:48.286 [main] INFO  testCases.TC001_AccountRegistrationTest - **********Starting TC001_AccountRegistrationTest**********
18:53:48.454 [main] INFO  testCases.TC001_AccountRegistrationTest - .......Clicked myAccount.....
18:53:48.946 [main] INFO  testCases.TC001_AccountRegistrationTest - .......Clicked Registration......
18:53:48.950 [main] INFO  testCases.TC001_AccountRegistrationTest - ......Providing Regestration Detail........
18:53:51.445 [main] INFO  testCases.TC001_AccountRegistrationTest - Validating expected msg....
18:53:51.496 [main] INFO  testCases.TC001_AccountRegistrationTest - .....Finished TC001_AccountRegistrationTest.......
18:53:53.252 [main] INFO  testCases.TC002_LoginTest -  *********** Stating TC002_LoginTest ************ 
19:14:12.174 [main] DEBUG org.testng.TestNG - suiteXmlPath: "C:\IT softwares\ECLIPSE\eclipse-jee-2024-12-R-win32-x86_64\eclipse\eclipse workspace stored here\hybrid_automation\grid-docker.xml"
19:14:12.391 [main] INFO  org.testng.internal.Utils - [TestNG] Running:
  C:\IT softwares\ECLIPSE\eclipse-jee-2024-12-R-win32-x86_64\eclipse\eclipse workspace stored here\hybrid_automation\grid-docker.xml

19:14:14.570 [main] INFO  testCases.TC001_AccountRegistrationTest - **********Starting TC001_AccountRegistrationTest**********
19:14:14.710 [main] INFO  testCases.TC001_AccountRegistrationTest - .......Clicked myAccount.....
19:14:15.101 [main] INFO  testCases.TC001_AccountRegistrationTest - .......Clicked Registration......
19:14:15.104 [main] INFO  testCases.TC001_AccountRegistrationTest - ......Providing Regestration Detail........
19:14:16.546 [main] INFO  testCases.TC001_AccountRegistrationTest - Validating expected msg....
19:14:26.607 [main] ERROR testCases.TC001_AccountRegistrationTest - ....Test failed....
19:14:26.607 [main] DEBUG testCases.TC001_AccountRegistrationTest - ...Debug logs....
19:14:28.307 [main] INFO  testCases.TC002_LoginTest -  *********** Stating TC002_LoginTest ************ 
19:14:29.732 [main] INFO  testCases.TC002_LoginTest - ************ Finished TC002_LoginTest ************** 
19:14:55.249 [main] DEBUG org.testng.TestNG - suiteXmlPath: "C:\IT softwares\ECLIPSE\eclipse-jee-2024-12-R-win32-x86_64\eclipse\eclipse workspace stored here\hybrid_automation\grid-docker.xml"
19:14:55.599 [main] INFO  org.testng.internal.Utils - [TestNG] Running:
  C:\IT softwares\ECLIPSE\eclipse-jee-2024-12-R-win32-x86_64\eclipse\eclipse workspace stored here\hybrid_automation\grid-docker.xml

19:14:58.053 [main] INFO  testCases.TC001_AccountRegistrationTest - **********Starting TC001_AccountRegistrationTest**********
19:14:58.179 [main] INFO  testCases.TC001_AccountRegistrationTest - .......Clicked myAccount.....
19:14:59.007 [main] INFO  testCases.TC001_AccountRegistrationTest - .......Clicked Registration......
19:14:59.010 [main] INFO  testCases.TC001_AccountRegistrationTest - ......Providing Regestration Detail........
19:15:00.717 [main] INFO  testCases.TC001_AccountRegistrationTest - Validating expected msg....
19:15:00.777 [main] INFO  testCases.TC001_AccountRegistrationTest - .....Finished TC001_AccountRegistrationTest.......
19:15:02.876 [main] INFO  testCases.TC002_LoginTest -  *********** Stating TC002_LoginTest ************ 
19:15:22.466 [main] DEBUG org.testng.TestNG - suiteXmlPath: "C:\IT softwares\ECLIPSE\eclipse-jee-2024-12-R-win32-x86_64\eclipse\eclipse workspace stored here\hybrid_automation\grid-docker.xml"
19:15:22.670 [main] INFO  org.testng.internal.Utils - [TestNG] Running:
  C:\IT softwares\ECLIPSE\eclipse-jee-2024-12-R-win32-x86_64\eclipse\eclipse workspace stored here\hybrid_automation\grid-docker.xml

19:15:24.514 [main] INFO  testCases.TC001_AccountRegistrationTest - **********Starting TC001_AccountRegistrationTest**********
19:15:24.641 [main] INFO  testCases.TC001_AccountRegistrationTest - .......Clicked myAccount.....
19:15:24.964 [main] INFO  testCases.TC001_AccountRegistrationTest - .......Clicked Registration......
19:15:24.966 [main] INFO  testCases.TC001_AccountRegistrationTest - ......Providing Regestration Detail........
19:15:26.701 [main] INFO  testCases.TC001_AccountRegistrationTest - Validating expected msg....
19:15:26.758 [main] INFO  testCases.TC001_AccountRegistrationTest - .....Finished TC001_AccountRegistrationTest.......
19:15:27.878 [main] INFO  testCases.TC002_LoginTest -  *********** Stating TC002_LoginTest ************ 
19:15:55.069 [main] DEBUG org.testng.TestNG - suiteXmlPath: "C:\IT softwares\ECLIPSE\eclipse-jee-2024-12-R-win32-x86_64\eclipse\eclipse workspace stored here\hybrid_automation\grid-docker.xml"
19:15:55.382 [main] INFO  org.testng.internal.Utils - [TestNG] Running:
  C:\IT softwares\ECLIPSE\eclipse-jee-2024-12-R-win32-x86_64\eclipse\eclipse workspace stored here\hybrid_automation\grid-docker.xml

19:15:57.215 [main] INFO  testCases.TC001_AccountRegistrationTest - **********Starting TC001_AccountRegistrationTest**********
19:16:11.061 [main] DEBUG org.testng.TestNG - suiteXmlPath: "C:\IT softwares\ECLIPSE\eclipse-jee-2024-12-R-win32-x86_64\eclipse\eclipse workspace stored here\hybrid_automation\grid-docker.xml"
19:16:11.284 [main] INFO  org.testng.internal.Utils - [TestNG] Running:
  C:\IT softwares\ECLIPSE\eclipse-jee-2024-12-R-win32-x86_64\eclipse\eclipse workspace stored here\hybrid_automation\grid-docker.xml

19:16:13.701 [main] INFO  testCases.TC001_AccountRegistrationTest - **********Starting TC001_AccountRegistrationTest**********
19:16:13.808 [main] INFO  testCases.TC001_AccountRegistrationTest - .......Clicked myAccount.....
19:16:14.397 [main] INFO  testCases.TC001_AccountRegistrationTest - .......Clicked Registration......
19:16:14.404 [main] INFO  testCases.TC001_AccountRegistrationTest - ......Providing Regestration Detail........
19:16:16.235 [main] INFO  testCases.TC001_AccountRegistrationTest - Validating expected msg....
19:16:16.290 [main] INFO  testCases.TC001_AccountRegistrationTest - .....Finished TC001_AccountRegistrationTest.......
19:16:17.466 [main] INFO  testCases.TC002_LoginTest -  *********** Stating TC002_LoginTest ************ 
19:16:18.826 [main] INFO  testCases.TC002_LoginTest - ************ Finished TC002_LoginTest ************** 
19:17:42.422 [main] DEBUG org.testng.TestNG - suiteXmlPath: "C:\IT softwares\ECLIPSE\eclipse-jee-2024-12-R-win32-x86_64\eclipse\eclipse workspace stored here\hybrid_automation\grid-docker.xml"
19:17:42.668 [main] INFO  org.testng.internal.Utils - [TestNG] Running:
  C:\IT softwares\ECLIPSE\eclipse-jee-2024-12-R-win32-x86_64\eclipse\eclipse workspace stored here\hybrid_automation\grid-docker.xml

19:19:16.530 [main] DEBUG org.testng.TestNG - suiteXmlPath: "C:\IT softwares\ECLIPSE\eclipse-jee-2024-12-R-win32-x86_64\eclipse\eclipse workspace stored here\hybrid_automation\grid-docker.xml"
19:19:16.777 [main] INFO  org.testng.internal.Utils - [TestNG] Running:
  C:\IT softwares\ECLIPSE\eclipse-jee-2024-12-R-win32-x86_64\eclipse\eclipse workspace stored here\hybrid_automation\grid-docker.xml

19:21:33.954 [main] DEBUG org.testng.TestNG - suiteXmlPath: "C:\IT softwares\ECLIPSE\eclipse-jee-2024-12-R-win32-x86_64\eclipse\eclipse workspace stored here\hybrid_automation\grid-docker.xml"
19:21:34.215 [main] INFO  org.testng.internal.Utils - [TestNG] Running:
  C:\IT softwares\ECLIPSE\eclipse-jee-2024-12-R-win32-x86_64\eclipse\eclipse workspace stored here\hybrid_automation\grid-docker.xml

19:23:08.679 [main] DEBUG org.testng.TestNG - suiteXmlPath: "C:\IT softwares\ECLIPSE\eclipse-jee-2024-12-R-win32-x86_64\eclipse\eclipse workspace stored here\hybrid_automation\grid-docker.xml"
19:23:08.949 [main] INFO  org.testng.internal.Utils - [TestNG] Running:
  C:\IT softwares\ECLIPSE\eclipse-jee-2024-12-R-win32-x86_64\eclipse\eclipse workspace stored here\hybrid_automation\grid-docker.xml

19:28:23.259 [main] DEBUG org.testng.TestNG - suiteXmlPath: "C:\IT softwares\ECLIPSE\eclipse-jee-2024-12-R-win32-x86_64\eclipse\eclipse workspace stored here\hybrid_automation\grid-docker.xml"
19:28:23.511 [main] INFO  org.testng.internal.Utils - [TestNG] Running:
  C:\IT softwares\ECLIPSE\eclipse-jee-2024-12-R-win32-x86_64\eclipse\eclipse workspace stored here\hybrid_automation\grid-docker.xml

19:28:29.480 [main] INFO  testCases.TC001_AccountRegistrationTest - **********Starting TC001_AccountRegistrationTest**********
19:28:29.713 [main] INFO  testCases.TC001_AccountRegistrationTest - .......Clicked myAccount.....
19:28:30.097 [main] INFO  testCases.TC001_AccountRegistrationTest - .......Clicked Registration......
19:28:30.099 [main] INFO  testCases.TC001_AccountRegistrationTest - ......Providing Regestration Detail........
19:28:31.641 [main] INFO  testCases.TC001_AccountRegistrationTest - Validating expected msg....
19:28:31.681 [main] INFO  testCases.TC001_AccountRegistrationTest - .....Finished TC001_AccountRegistrationTest.......
19:28:34.864 [main] INFO  testCases.TC002_LoginTest -  *********** Stating TC002_LoginTest ************ 
19:28:36.737 [main] INFO  testCases.TC002_LoginTest - ************ Finished TC002_LoginTest ************** 
19:30:23.557 [main] DEBUG org.testng.TestNG - suiteXmlPath: "C:\IT softwares\ECLIPSE\eclipse-jee-2024-12-R-win32-x86_64\eclipse\eclipse workspace stored here\hybrid_automation\grid-docker.xml"
19:30:23.798 [main] INFO  org.testng.internal.Utils - [TestNG] Running:
  C:\IT softwares\ECLIPSE\eclipse-jee-2024-12-R-win32-x86_64\eclipse\eclipse workspace stored here\hybrid_automation\grid-docker.xml

19:30:28.203 [main] INFO  testCases.TC001_AccountRegistrationTest - **********Starting TC001_AccountRegistrationTest**********
19:30:28.362 [main] INFO  testCases.TC001_AccountRegistrationTest - .......Clicked myAccount.....
19:30:29.304 [main] INFO  testCases.TC001_AccountRegistrationTest - .......Clicked Registration......
19:30:29.310 [main] INFO  testCases.TC001_AccountRegistrationTest - ......Providing Regestration Detail........
19:30:34.873 [main] INFO  testCases.TC001_AccountRegistrationTest - Validating expected msg....
19:30:36.431 [main] INFO  testCases.TC001_AccountRegistrationTest - .....Finished TC001_AccountRegistrationTest.......
19:30:39.637 [main] INFO  testCases.TC002_LoginTest -  *********** Stating TC002_LoginTest ************ 
19:30:41.266 [main] INFO  testCases.TC002_LoginTest - ************ Finished TC002_LoginTest ************** 
20:56:49.521 [main] DEBUG org.testng.TestNG - suiteXmlPath: "C:\IT softwares\ECLIPSE\eclipse-jee-2024-12-R-win32-x86_64\eclipse\eclipse workspace stored here\hybrid_automation\grid-docker.xml"
20:56:49.933 [main] INFO  org.testng.internal.Utils - [TestNG] Running:
  C:\IT softwares\ECLIPSE\eclipse-jee-2024-12-R-win32-x86_64\eclipse\eclipse workspace stored here\hybrid_automation\grid-docker.xml

20:56:57.109 [main] INFO  testCases.TC001_AccountRegistrationTest - **********Starting TC001_AccountRegistrationTest**********
20:56:57.300 [main] INFO  testCases.TC001_AccountRegistrationTest - .......Clicked myAccount.....
20:56:58.067 [main] INFO  testCases.TC001_AccountRegistrationTest - .......Clicked Registration......
20:56:58.075 [main] INFO  testCases.TC001_AccountRegistrationTest - ......Providing Regestration Detail........
20:57:01.835 [main] INFO  testCases.TC001_AccountRegistrationTest - Validating expected msg....
20:57:01.940 [main] INFO  testCases.TC001_AccountRegistrationTest - .....Finished TC001_AccountRegistrationTest.......
20:57:04.514 [main] INFO  testCases.TC002_LoginTest -  *********** Stating TC002_LoginTest ************ 
20:57:07.814 [main] INFO  testCases.TC002_LoginTest - ************ Finished TC002_LoginTest ************** 
20:57:21.193 [main] INFO  testCases.TC001_AccountRegistrationTest - **********Starting TC001_AccountRegistrationTest**********
20:57:21.588 [main] INFO  testCases.TC001_AccountRegistrationTest - .......Clicked myAccount.....
20:57:22.185 [main] INFO  testCases.TC001_AccountRegistrationTest - .......Clicked Registration......
20:57:22.187 [main] INFO  testCases.TC001_AccountRegistrationTest - ......Providing Regestration Detail........
20:57:24.888 [main] INFO  testCases.TC001_AccountRegistrationTest - Validating expected msg....
20:57:24.983 [main] INFO  testCases.TC001_AccountRegistrationTest - .....Finished TC001_AccountRegistrationTest.......
20:57:29.989 [main] INFO  testCases.TC002_LoginTest -  *********** Stating TC002_LoginTest ************ 
20:57:32.658 [main] INFO  testCases.TC002_LoginTest - ************ Finished TC002_LoginTest ************** 
14:53:26.594 [main] DEBUG org.testng.TestNG - suiteXmlPath: "C:\IT softwares\ECLIPSE\eclipse-jee-2024-12-R-win32-x86_64\eclipse\eclipse workspace stored here\hybrid_automation\master.xml"
14:54:34.380 [main] DEBUG org.testng.TestNG - suiteXmlPath: "C:\IT softwares\ECLIPSE\eclipse-jee-2024-12-R-win32-x86_64\eclipse\eclipse workspace stored here\hybrid_automation\master.xml"
14:54:38.061 [main] INFO  testCases.TC001_AccountRegistrationTest - **********Starting TC001_AccountRegistrationTest**********
14:54:38.241 [main] INFO  testCases.TC001_AccountRegistrationTest - .......Clicked myAccount.....
14:54:38.716 [main] INFO  testCases.TC001_AccountRegistrationTest - .......Clicked Registration......
14:54:38.720 [main] INFO  testCases.TC001_AccountRegistrationTest - ......Providing Regestration Detail........
14:54:40.208 [main] INFO  testCases.TC001_AccountRegistrationTest - Validating expected msg....
14:54:40.256 [main] INFO  testCases.TC001_AccountRegistrationTest - .....Finished TC001_AccountRegistrationTest.......
14:54:42.094 [main] INFO  testCases.TC002_LoginTest -  *********** Stating TC002_LoginTest ************ 
14:54:43.670 [main] INFO  testCases.TC002_LoginTest - ************ Finished TC002_LoginTest ************** 
15:17:33.519 [main] DEBUG org.testng.TestNG - suiteXmlPath: "C:\IT softwares\ECLIPSE\eclipse-jee-2024-12-R-win32-x86_64\eclipse\eclipse workspace stored here\hybrid_automation\master.xml"
15:17:36.348 [main] INFO  testCases.TC001_AccountRegistrationTest - **********Starting TC001_AccountRegistrationTest**********
15:17:36.474 [main] INFO  testCases.TC001_AccountRegistrationTest - .......Clicked myAccount.....
15:17:36.806 [main] INFO  testCases.TC001_AccountRegistrationTest - .......Clicked Registration......
15:17:36.806 [main] INFO  testCases.TC001_AccountRegistrationTest - ......Providing Regestration Detail........
15:17:38.687 [main] INFO  testCases.TC001_AccountRegistrationTest - Validating expected msg....
15:17:38.730 [main] INFO  testCases.TC001_AccountRegistrationTest - .....Finished TC001_AccountRegistrationTest.......
15:17:40.619 [main] INFO  testCases.TC002_LoginTest -  *********** Stating TC002_LoginTest ************ 
15:17:43.213 [main] INFO  testCases.TC002_LoginTest - ************ Finished TC002_LoginTest ************** 
